<html>
<body>
<pre>
<h1>礦ision Build Log</h1>
<h2>Tool Versions:</h2>
IDE-Version: μVision V5.28.0.0
Copyright (C) 2019 ARM Ltd and ARM Germany GmbH. All rights reserved.
License Information: su bei, uuu, LIC=IK1BF-6IUYW-12JLE-5BFN7-4YUSF-XHVIN
 
Tool Versions:
Toolchain:       MDK-ARM Plus  Version: 5.28.0.0
Toolchain Path:  D:\keil\ARM\ARMCC\Bin
C Compiler:      Armcc.exe V5.06 update 6 (build 750)
Assembler:       Armasm.exe V5.06 update 6 (build 750)
Linker/Locator:  ArmLink.exe V5.06 update 6 (build 750)
Library Manager: ArmAr.exe V5.06 update 6 (build 750)
Hex Converter:   FromElf.exe V5.06 update 6 (build 750)
CPU DLL:         SARMCM3.DLL V5.28.0.0
Dialog DLL:      DCM.DLL V1.17.3.0
Target DLL:      STLink\ST-LINKIII-KEIL_SWO.dll V3.0.6.0
Dialog DLL:      TCM.DLL V1.36.2.0
 
<h2>Project:</h2>
D:\亿寻下载\中景园电子0.96OLED显示屏资料\04-程序源码\中景园SPI接口显示屏例程\STM32例程\01-中景园电子0.96OLED显示屏STM32F103C8T6_SPI例程\USER\OLED.uvprojx
Project File Date:  05/22/2019

<h2>Output:</h2>
*** Using Compiler 'V5.06 update 6 (build 750)', folder: 'D:\keil\ARM\ARMCC\Bin'
Build target 'Target 1'
compiling main.c...
..\HARDWARE\OLED\oled.h(54): warning:  #1-D: last line of file ends without a newline
  #endif
..\HARDWARE\OLED\bmp.h(140): warning:  #1-D: last line of file ends without a newline
  #endif
main.c(38): warning:  #550-D: variable "t"  was set but never used
  	u8 t;
main.c: 3 warnings, 0 errors
linking...
Program Size: Code=2708 RO-data=6416 RW-data=32 ZI-data=2984  
FromELF: creating hex file...
"..\OBJ\OLED.axf" - 0 Error(s), 3 Warning(s).

<h2>Software Packages used:</h2>

Package Vendor: Keil
                http://www.keil.com/pack/Keil.STM32F1xx_DFP.1.0.5.pack
                Keil.STM32F1xx_DFP.1.0.5
                STMicroelectronics STM32F1 Series Device Support, Drivers and Examples

<h2>Collection of Component include folders:</h2>
  .\RTE\_Target_1
  D:\keil\Keil\STM32F1xx_DFP\1.0.5\Device\Include

<h2>Collection of Component Files used:</h2>
Build Time Elapsed:  00:00:01
</pre>
</body>
</html>
